[machinebreak.com/index.html]
[machinebreak.com/assets/fonts/Feather/feather.css]
[machinebreak.com/assets/libs/@fancyapps/fancybox/dist/jquery.fancybox.min.css]
[machinebreak.com/assets/libs/aos/dist/aos.css]
[machinebreak.com/assets/libs/choices.js/public/assets/styles/choices.min.css]
[machinebreak.com/assets/libs/flickity/dist/flickity.min.css]
[machinebreak.com/assets/libs/highlightjs/styles/vs2015.css]
[machinebreak.com/assets/libs/quill/dist/quill.core.css]
[backblue.gif]
[fade.gif]
[index.html]
[machinebreak.com/assets/css/theme.min.css]
[machinebreak.com/assets/img/logo.jpg]
[machinebreak.com/boissons-chaudes-snacks.html]
[machinebreak.com/location-distributeurs-automatiques-boissons.html]
[machinebreak.com/entreprise-location-distributeur-automatique-boisson.html]
[machinebreak.com/contact.html]
[machinebreak.com/assets/img/icons/social/instagram.svg]
[machinebreak.com/terms-of-service.html]
[machinebreak.com/careers.html]
[machinebreak.com/assets/libs/jquery/dist/jquery.min.js]
[machinebreak.com/assets/libs/bootstrap/dist/js/bootstrap.bundle.min.js]
[machinebreak.com/assets/libs/@fancyapps/fancybox/dist/jquery.fancybox.min.js]
[machinebreak.com/assets/libs/aos/dist/aos.js]
[machinebreak.com/assets/libs/choices.js/public/assets/scripts/choices.min.js]
[machinebreak.com/assets/libs/countup.js/dist/countUp.min.js]
[machinebreak.com/assets/libs/dropzone/dist/min/dropzone.min.js]
[machinebreak.com/assets/libs/flickity/dist/flickity.pkgd.min.js]
[machinebreak.com/assets/libs/flickity-fade/flickity-fade.js]
[machinebreak.com/assets/libs/highlightjs/highlight.pack.min.js]
[machinebreak.com/assets/libs/imagesloaded/imagesloaded.pkgd.min.js]
[machinebreak.com/assets/libs/isotope-layout/dist/isotope.pkgd.min.js]
[machinebreak.com/assets/libs/jarallax/dist/jarallax.min.js]
[machinebreak.com/assets/libs/jarallax/dist/jarallax-video.min.js]
[machinebreak.com/assets/libs/jarallax/dist/jarallax-element.min.js]
[machinebreak.com/assets/libs/quill/dist/quill.min.js]
[machinebreak.com/assets/libs/smooth-scroll/dist/smooth-scroll.min.js]
[machinebreak.com/assets/libs/typed.js/lib/typed.min.js]
[machinebreak.com/index.html]
[machinebreak.com/assets/js/theme.min.js]
[machinebreak.com/assets/fonts/Feather/fonts/Feather144f.ttf]
[machinebreak.com/assets/fonts/Feather/fonts/Feather144f.woff]
[machinebreak.com/assets/fonts/Feather/feather.css]
[machinebreak.com/assets/libs/@fancyapps/fancybox/dist/jquery.fancybox.min.css]
[machinebreak.com/assets/libs/aos/dist/aos.css]
[machinebreak.com/assets/libs/choices.js/public/assets/styles/choices.min.css]
[machinebreak.com/assets/libs/flickity-fade/flickity-fade.css]
[machinebreak.com/assets/libs/flickity/dist/flickity.min.css]
[machinebreak.com/assets/libs/highlightjs/styles/vs2015.css]
[machinebreak.com/assets/libs/jarallax/dist/jarallax.css]
[machinebreak.com/assets/libs/quill/dist/quill.core.css]
[machinebreak.com/assets/fonts/Feather/fonts/Feather144f.svg]
[machinebreak.com/assets/fonts/HK Grotesk Pro/HKGroteskPro-Regular.woff2]
[machinebreak.com/assets/fonts/HK Grotesk Pro/HKGroteskPro-Regular.woff]
[machinebreak.com/assets/fonts/HK Grotesk Pro/HKGroteskPro-Medium.woff2]
[machinebreak.com/assets/fonts/HK Grotesk Pro/HKGroteskPro-Medium.woff]
[machinebreak.com/assets/css/theme.min.css]
[machinebreak.com/assets/img/covers/coffee-2.webp]
[machinebreak.com/assets/img/covers/coffee-5.webp]
[machinebreak.com/assets/img/covers/snack-4.webp]
[machinebreak.com/assets/img/covers/office-3.webp]
[machinebreak.com/assets/img/covers/coffee-6.webp]
[machinebreak.com/assets/img/covers/iced-tea-2.webp]
[machinebreak.com/boissons-chaudes-snacks.html]
[machinebreak.com/assets/img/covers/snack-5.webp]
[machinebreak.com/assets/img/covers/cover-3.webp]
[machinebreak.com/location-distributeurs-automatiques-boissons.html]
[machinebreak.com/entreprise-location-distributeur-automatique-boisson.html]
[machinebreak.com/assets/img/covers/cover-5.webp]
[machinebreak.com/contact.html]
[machinebreak.com/assets/img/icons/social/instagram.svg]
[machinebreak.com/assets/img/icons/social/facebook.svg]
[machinebreak.com/assets/img/icons/social/linkedin.svg]
[machinebreak.com/terms-of-service.html]
[machinebreak.com/assets/img/shapes/angles/angle-right.png]
[machinebreak.com/assets/img/covers/cover-13.webp]
[machinebreak.com/careers.html]
[machinebreak.com/assets/fonts/Feather/fonts/Feather144f.svg]
[machinebreak.com/assets/img/masks/avatar-status.svg]
[machinebreak.com/assets/img/masks/avatar-group.svg]
[machinebreak.com/assets/img/masks/avatar-group-hover.svg]
[machinebreak.com/assets/img/masks/avatar-group-hover-last.svg]
[machinebreak.com/career-single.html]
[machinebreak.com/career-single.html]
